#-----------------------------------------------------------
# Vivado v2018.2 (64-bit)
# SW Build 2258646 on Thu Jun 14 20:03:12 MDT 2018
# IP Build 2256618 on Thu Jun 14 22:10:49 MDT 2018
# Start of session at: Sun Jun 11 20:04:18 2023
# Process ID: 20456
# Current directory: C:/Users/DELL/Xilinx projects/Optimized NanoProcessor-v1.2/Optimized NanoProcessor
# Command line: vivado.exe -gui_launcher_event rodinguilauncherevent9668 C:\Users\DELL\Xilinx projects\Optimized NanoProcessor-v1.2\Optimized NanoProcessor\Optimized_NanoProcessor.xpr
# Log file: C:/Users/DELL/Xilinx projects/Optimized NanoProcessor-v1.2/Optimized NanoProcessor/vivado.log
# Journal file: C:/Users/DELL/Xilinx projects/Optimized NanoProcessor-v1.2/Optimized NanoProcessor\vivado.jou
#-----------------------------------------------------------
start_gui
open_project {C:/Users/DELL/Xilinx projects/Optimized NanoProcessor-v1.2/Optimized NanoProcessor/Optimized_NanoProcessor.xpr}
update_compile_order -fileset sources_1
# Disabling source management mode.  This is to allow the top design properties to be set without GUI intervention.
set_property source_mgmt_mode None [current_project]
set_property top TB_NanoProcessor_with_7SegOut_1 [get_filesets sim_1]
set_property top_lib xil_defaultlib [get_filesets sim_1]
# Re-enabling previously disabled source management mode.
set_property source_mgmt_mode All [current_project]
update_compile_order -fileset sim_1
launch_simulation
source TB_NanoProcessor_with_7SegOut_1.tcl
close_sim
launch_simulation
source TB_NanoProcessor_with_7SegOut_1.tcl
current_wave_config {Untitled 2}
add_wave {{/TB_NanoProcessor_with_7SegOut_1/Reset}} {{/TB_NanoProcessor_with_7SegOut_1/overflow}} 
close_sim
launch_simulation
source TB_NanoProcessor_with_7SegOut_1.tcl
close_sim
